// Jest Snapshot v1, https://goo.gl/fbAQLP

exports[`The Footer Matches the snapShot 1`] = `
<footer
  className="footer"
  data-testid="footer-element"
>
  <h3
    className="copy"
  >
    Â© 2023 JD Guerra. All rights reserved.
  </h3>
</footer>
`;
