// Jest Snapshot v1, https://goo.gl/fbAQLP

exports[`The Screen component Renders correctly 1`] = `
<div
  className="calc-number calc-screen"
  data-testid="screen-element"
>
   
  0
   
</div>
`;
